// Jest Snapshot v1, https://goo.gl/fbAQLP

exports[`.cb should handle skip_dir command 1`] = `
Array [
  ".gitkeep",
  "level-1-a",
  "level-1-b",
  "level-1-c",
  "level-1-a/.gitkeep",
  "level-1-a/level-2-a",
  "level-1-a/level-2-b",
]
`;

exports[`.cb should handle skip_dir command 2`] = `
Array [
  "level-1-b/.gitkeep",
  "level-1-b/level-2-a",
  "level-1-b/level-2-b",
  "level-1-b/level-2-c",
  "level-1-c/.gitkeep",
  "level-1-c/level-2-a",
  "level-1-c/level-2-b",
  "level-1-c/level-2-c",
  "level-1-a/level-2-a/.gitkeep",
  "level-1-a/level-2-a/level-3-a",
  "level-1-a/level-2-a/level-3-b",
  "level-1-a/level-2-a/level-3-c",
  "level-1-b/level-2-a/.gitkeep",
  "level-1-b/level-2-a/level-3-a",
  "level-1-b/level-2-a/level-3-b",
  "level-1-b/level-2-a/level-3-c",
  "level-1-b/level-2-b/.gitkeep",
  "level-1-b/level-2-b/level-3-a",
  "level-1-b/level-2-b/level-3-b",
  "level-1-b/level-2-b/level-3-c",
  "level-1-b/level-2-c/.gitkeep",
  "level-1-b/level-2-c/level-3-a",
  "level-1-b/level-2-c/level-3-b",
  "level-1-b/level-2-c/level-3-c",
  "level-1-c/level-2-a/.gitkeep",
  "level-1-c/level-2-a/level-3-a",
  "level-1-c/level-2-a/level-3-b",
  "level-1-c/level-2-a/level-3-c",
  "level-1-c/level-2-b/.gitkeep",
  "level-1-c/level-2-b/level-3-a",
  "level-1-c/level-2-b/level-3-b",
  "level-1-c/level-2-b/level-3-c",
  "level-1-c/level-2-c/.gitkeep",
  "level-1-c/level-2-c/level-3-a",
  "level-1-c/level-2-c/level-3-b",
  "level-1-c/level-2-c/level-3-c",
  "level-1-a/level-2-a/level-3-a/.gitkeep",
  "level-1-a/level-2-a/level-3-b/.gitkeep",
  "level-1-a/level-2-a/level-3-c/.gitkeep",
  "level-1-b/level-2-a/level-3-a/.gitkeep",
  "level-1-b/level-2-a/level-3-b/.gitkeep",
  "level-1-b/level-2-a/level-3-c/.gitkeep",
  "level-1-b/level-2-b/level-3-a/.gitkeep",
  "level-1-b/level-2-b/level-3-b/.gitkeep",
  "level-1-b/level-2-b/level-3-c/.gitkeep",
  "level-1-b/level-2-c/level-3-a/.gitkeep",
  "level-1-b/level-2-c/level-3-b/.gitkeep",
  "level-1-b/level-2-c/level-3-c/.gitkeep",
  "level-1-c/level-2-a/level-3-a/.gitkeep",
  "level-1-c/level-2-a/level-3-b/.gitkeep",
  "level-1-c/level-2-a/level-3-c/.gitkeep",
  "level-1-c/level-2-b/level-3-a/.gitkeep",
  "level-1-c/level-2-b/level-3-b/.gitkeep",
  "level-1-c/level-2-b/level-3-c/.gitkeep",
  "level-1-c/level-2-c/level-3-a/.gitkeep",
  "level-1-c/level-2-c/level-3-b/.gitkeep",
  "level-1-c/level-2-c/level-3-c/.gitkeep",
]
`;

exports[`should calculate absolute path 1`] = `
Array [
  "1 C:/dev/dwalk/fixture/.gitkeep",
  "1 C:/dev/dwalk/fixture/level-1-a",
  "1 C:/dev/dwalk/fixture/level-1-b",
  "1 C:/dev/dwalk/fixture/level-1-c",
  "2 C:/dev/dwalk/fixture/level-1-a/.gitkeep",
  "2 C:/dev/dwalk/fixture/level-1-a/level-2-a",
  "2 C:/dev/dwalk/fixture/level-1-a/level-2-b",
  "2 C:/dev/dwalk/fixture/level-1-a/level-2-c",
  "2 C:/dev/dwalk/fixture/level-1-b/.gitkeep",
  "2 C:/dev/dwalk/fixture/level-1-b/level-2-a",
  "2 C:/dev/dwalk/fixture/level-1-b/level-2-b",
  "2 C:/dev/dwalk/fixture/level-1-b/level-2-c",
  "2 C:/dev/dwalk/fixture/level-1-c/.gitkeep",
  "2 C:/dev/dwalk/fixture/level-1-c/level-2-a",
  "2 C:/dev/dwalk/fixture/level-1-c/level-2-b",
  "2 C:/dev/dwalk/fixture/level-1-c/level-2-c",
  "3 C:/dev/dwalk/fixture/level-1-a/level-2-a/.gitkeep",
  "3 C:/dev/dwalk/fixture/level-1-a/level-2-a/level-3-a",
  "3 C:/dev/dwalk/fixture/level-1-a/level-2-a/level-3-b",
  "3 C:/dev/dwalk/fixture/level-1-a/level-2-a/level-3-c",
  "3 C:/dev/dwalk/fixture/level-1-a/level-2-b/.gitkeep",
  "3 C:/dev/dwalk/fixture/level-1-a/level-2-b/level-3-a",
  "3 C:/dev/dwalk/fixture/level-1-a/level-2-b/level-3-b",
  "3 C:/dev/dwalk/fixture/level-1-a/level-2-b/level-3-c",
  "3 C:/dev/dwalk/fixture/level-1-a/level-2-c/.gitkeep",
  "3 C:/dev/dwalk/fixture/level-1-a/level-2-c/level-3-a",
  "3 C:/dev/dwalk/fixture/level-1-a/level-2-c/level-3-b",
  "3 C:/dev/dwalk/fixture/level-1-a/level-2-c/level-3-c",
  "3 C:/dev/dwalk/fixture/level-1-b/level-2-a/.gitkeep",
  "3 C:/dev/dwalk/fixture/level-1-b/level-2-a/level-3-a",
  "3 C:/dev/dwalk/fixture/level-1-b/level-2-a/level-3-b",
  "3 C:/dev/dwalk/fixture/level-1-b/level-2-a/level-3-c",
  "3 C:/dev/dwalk/fixture/level-1-b/level-2-b/.gitkeep",
  "3 C:/dev/dwalk/fixture/level-1-b/level-2-b/level-3-a",
  "3 C:/dev/dwalk/fixture/level-1-b/level-2-b/level-3-b",
  "3 C:/dev/dwalk/fixture/level-1-b/level-2-b/level-3-c",
  "3 C:/dev/dwalk/fixture/level-1-b/level-2-c/.gitkeep",
  "3 C:/dev/dwalk/fixture/level-1-b/level-2-c/level-3-a",
  "3 C:/dev/dwalk/fixture/level-1-b/level-2-c/level-3-b",
  "3 C:/dev/dwalk/fixture/level-1-b/level-2-c/level-3-c",
  "3 C:/dev/dwalk/fixture/level-1-c/level-2-a/.gitkeep",
  "3 C:/dev/dwalk/fixture/level-1-c/level-2-a/level-3-a",
  "3 C:/dev/dwalk/fixture/level-1-c/level-2-a/level-3-b",
  "3 C:/dev/dwalk/fixture/level-1-c/level-2-a/level-3-c",
  "3 C:/dev/dwalk/fixture/level-1-c/level-2-b/.gitkeep",
  "3 C:/dev/dwalk/fixture/level-1-c/level-2-b/level-3-a",
  "3 C:/dev/dwalk/fixture/level-1-c/level-2-b/level-3-b",
  "3 C:/dev/dwalk/fixture/level-1-c/level-2-b/level-3-c",
  "3 C:/dev/dwalk/fixture/level-1-c/level-2-c/.gitkeep",
  "3 C:/dev/dwalk/fixture/level-1-c/level-2-c/level-3-a",
  "3 C:/dev/dwalk/fixture/level-1-c/level-2-c/level-3-b",
  "3 C:/dev/dwalk/fixture/level-1-c/level-2-c/level-3-c",
  "4 C:/dev/dwalk/fixture/level-1-a/level-2-a/level-3-a/.gitkeep",
  "4 C:/dev/dwalk/fixture/level-1-a/level-2-a/level-3-b/.gitkeep",
  "4 C:/dev/dwalk/fixture/level-1-a/level-2-a/level-3-c/.gitkeep",
  "4 C:/dev/dwalk/fixture/level-1-a/level-2-b/level-3-a/.gitkeep",
  "4 C:/dev/dwalk/fixture/level-1-a/level-2-b/level-3-b/.gitkeep",
  "4 C:/dev/dwalk/fixture/level-1-a/level-2-b/level-3-c/.gitkeep",
  "4 C:/dev/dwalk/fixture/level-1-a/level-2-c/level-3-a/.gitkeep",
  "4 C:/dev/dwalk/fixture/level-1-a/level-2-c/level-3-b/.gitkeep",
  "4 C:/dev/dwalk/fixture/level-1-a/level-2-c/level-3-c/.gitkeep",
  "4 C:/dev/dwalk/fixture/level-1-b/level-2-a/level-3-a/.gitkeep",
  "4 C:/dev/dwalk/fixture/level-1-b/level-2-a/level-3-b/.gitkeep",
  "4 C:/dev/dwalk/fixture/level-1-b/level-2-a/level-3-c/.gitkeep",
  "4 C:/dev/dwalk/fixture/level-1-b/level-2-b/level-3-a/.gitkeep",
  "4 C:/dev/dwalk/fixture/level-1-b/level-2-b/level-3-b/.gitkeep",
  "4 C:/dev/dwalk/fixture/level-1-b/level-2-b/level-3-c/.gitkeep",
  "4 C:/dev/dwalk/fixture/level-1-b/level-2-c/level-3-a/.gitkeep",
  "4 C:/dev/dwalk/fixture/level-1-b/level-2-c/level-3-b/.gitkeep",
  "4 C:/dev/dwalk/fixture/level-1-b/level-2-c/level-3-c/.gitkeep",
  "4 C:/dev/dwalk/fixture/level-1-c/level-2-a/level-3-a/.gitkeep",
  "4 C:/dev/dwalk/fixture/level-1-c/level-2-a/level-3-b/.gitkeep",
  "4 C:/dev/dwalk/fixture/level-1-c/level-2-a/level-3-c/.gitkeep",
  "4 C:/dev/dwalk/fixture/level-1-c/level-2-b/level-3-a/.gitkeep",
  "4 C:/dev/dwalk/fixture/level-1-c/level-2-b/level-3-b/.gitkeep",
  "4 C:/dev/dwalk/fixture/level-1-c/level-2-b/level-3-c/.gitkeep",
  "4 C:/dev/dwalk/fixture/level-1-c/level-2-c/level-3-a/.gitkeep",
  "4 C:/dev/dwalk/fixture/level-1-c/level-2-c/level-3-b/.gitkeep",
  "4 C:/dev/dwalk/fixture/level-1-c/level-2-c/level-3-c/.gitkeep",
]
`;

exports[`should calculate relative path 1`] = `
Array [
  "1 .gitkeep",
  "1 level-1-a",
  "1 level-1-b",
  "1 level-1-c",
  "2 level-1-a/.gitkeep",
  "2 level-1-a/level-2-a",
  "2 level-1-a/level-2-b",
  "2 level-1-a/level-2-c",
  "2 level-1-b/.gitkeep",
  "2 level-1-b/level-2-a",
  "2 level-1-b/level-2-b",
  "2 level-1-b/level-2-c",
  "2 level-1-c/.gitkeep",
  "2 level-1-c/level-2-a",
  "2 level-1-c/level-2-b",
  "2 level-1-c/level-2-c",
  "3 level-1-a/level-2-a/.gitkeep",
  "3 level-1-a/level-2-a/level-3-a",
  "3 level-1-a/level-2-a/level-3-b",
  "3 level-1-a/level-2-a/level-3-c",
  "3 level-1-a/level-2-b/.gitkeep",
  "3 level-1-a/level-2-b/level-3-a",
  "3 level-1-a/level-2-b/level-3-b",
  "3 level-1-a/level-2-b/level-3-c",
  "3 level-1-a/level-2-c/.gitkeep",
  "3 level-1-a/level-2-c/level-3-a",
  "3 level-1-a/level-2-c/level-3-b",
  "3 level-1-a/level-2-c/level-3-c",
  "3 level-1-b/level-2-a/.gitkeep",
  "3 level-1-b/level-2-a/level-3-a",
  "3 level-1-b/level-2-a/level-3-b",
  "3 level-1-b/level-2-a/level-3-c",
  "3 level-1-b/level-2-b/.gitkeep",
  "3 level-1-b/level-2-b/level-3-a",
  "3 level-1-b/level-2-b/level-3-b",
  "3 level-1-b/level-2-b/level-3-c",
  "3 level-1-b/level-2-c/.gitkeep",
  "3 level-1-b/level-2-c/level-3-a",
  "3 level-1-b/level-2-c/level-3-b",
  "3 level-1-b/level-2-c/level-3-c",
  "3 level-1-c/level-2-a/.gitkeep",
  "3 level-1-c/level-2-a/level-3-a",
  "3 level-1-c/level-2-a/level-3-b",
  "3 level-1-c/level-2-a/level-3-c",
  "3 level-1-c/level-2-b/.gitkeep",
  "3 level-1-c/level-2-b/level-3-a",
  "3 level-1-c/level-2-b/level-3-b",
  "3 level-1-c/level-2-b/level-3-c",
  "3 level-1-c/level-2-c/.gitkeep",
  "3 level-1-c/level-2-c/level-3-a",
  "3 level-1-c/level-2-c/level-3-b",
  "3 level-1-c/level-2-c/level-3-c",
  "4 level-1-a/level-2-a/level-3-a/.gitkeep",
  "4 level-1-a/level-2-a/level-3-b/.gitkeep",
  "4 level-1-a/level-2-a/level-3-c/.gitkeep",
  "4 level-1-a/level-2-b/level-3-a/.gitkeep",
  "4 level-1-a/level-2-b/level-3-b/.gitkeep",
  "4 level-1-a/level-2-b/level-3-c/.gitkeep",
  "4 level-1-a/level-2-c/level-3-a/.gitkeep",
  "4 level-1-a/level-2-c/level-3-b/.gitkeep",
  "4 level-1-a/level-2-c/level-3-c/.gitkeep",
  "4 level-1-b/level-2-a/level-3-a/.gitkeep",
  "4 level-1-b/level-2-a/level-3-b/.gitkeep",
  "4 level-1-b/level-2-a/level-3-c/.gitkeep",
  "4 level-1-b/level-2-b/level-3-a/.gitkeep",
  "4 level-1-b/level-2-b/level-3-b/.gitkeep",
  "4 level-1-b/level-2-b/level-3-c/.gitkeep",
  "4 level-1-b/level-2-c/level-3-a/.gitkeep",
  "4 level-1-b/level-2-c/level-3-b/.gitkeep",
  "4 level-1-b/level-2-c/level-3-c/.gitkeep",
  "4 level-1-c/level-2-a/level-3-a/.gitkeep",
  "4 level-1-c/level-2-a/level-3-b/.gitkeep",
  "4 level-1-c/level-2-a/level-3-c/.gitkeep",
  "4 level-1-c/level-2-b/level-3-a/.gitkeep",
  "4 level-1-c/level-2-b/level-3-b/.gitkeep",
  "4 level-1-c/level-2-b/level-3-c/.gitkeep",
  "4 level-1-c/level-2-c/level-3-a/.gitkeep",
  "4 level-1-c/level-2-c/level-3-b/.gitkeep",
  "4 level-1-c/level-2-c/level-3-c/.gitkeep",
]
`;

exports[`should have name property 1`] = `
Array [
  "1 .gitkeep",
  "1 level-1-a",
  "1 level-1-b",
  "1 level-1-c",
  "2 .gitkeep",
  "2 level-2-a",
  "2 level-2-b",
  "2 level-2-c",
  "2 .gitkeep",
  "2 level-2-a",
  "2 level-2-b",
  "2 level-2-c",
  "2 .gitkeep",
  "2 level-2-a",
  "2 level-2-b",
  "2 level-2-c",
  "3 .gitkeep",
  "3 level-3-a",
  "3 level-3-b",
  "3 level-3-c",
  "3 .gitkeep",
  "3 level-3-a",
  "3 level-3-b",
  "3 level-3-c",
  "3 .gitkeep",
  "3 level-3-a",
  "3 level-3-b",
  "3 level-3-c",
  "3 .gitkeep",
  "3 level-3-a",
  "3 level-3-b",
  "3 level-3-c",
  "3 .gitkeep",
  "3 level-3-a",
  "3 level-3-b",
  "3 level-3-c",
  "3 .gitkeep",
  "3 level-3-a",
  "3 level-3-b",
  "3 level-3-c",
  "3 .gitkeep",
  "3 level-3-a",
  "3 level-3-b",
  "3 level-3-c",
  "3 .gitkeep",
  "3 level-3-a",
  "3 level-3-b",
  "3 level-3-c",
  "3 .gitkeep",
  "3 level-3-a",
  "3 level-3-b",
  "3 level-3-c",
  "4 .gitkeep",
  "4 .gitkeep",
  "4 .gitkeep",
  "4 .gitkeep",
  "4 .gitkeep",
  "4 .gitkeep",
  "4 .gitkeep",
  "4 .gitkeep",
  "4 .gitkeep",
  "4 .gitkeep",
  "4 .gitkeep",
  "4 .gitkeep",
  "4 .gitkeep",
  "4 .gitkeep",
  "4 .gitkeep",
  "4 .gitkeep",
  "4 .gitkeep",
  "4 .gitkeep",
  "4 .gitkeep",
  "4 .gitkeep",
  "4 .gitkeep",
  "4 .gitkeep",
  "4 .gitkeep",
  "4 .gitkeep",
  "4 .gitkeep",
  "4 .gitkeep",
  "4 .gitkeep",
]
`;
